// Jest Snapshot v1, https://goo.gl/fbAQLP

exports[`renders MovieDetail component 1`] = `"<h2>Loading...</h2>"`;
